// Jest Snapshot v1, https://goo.gl/fbAQLP

exports[`Search snapshot test 1`] = `
<View
  keyboardVerticalOffset={0}
  onLayout={[Function]}
  style={
    Array [
      Object {
        "alignItems": "center",
        "backgroundColor": "#87CEFA",
        "flex": 1,
        "justifyContent": "center",
      },
      Object {
        "paddingBottom": 0,
      },
    ]
  }
>
  <View
    style={
      Object {
        "alignItems": "center",
        "flexGrow": 1,
        "justifyContent": "center",
      }
    }
  >
    <Image
      source={1}
      style={
        Object {
          "height": 200,
          "width": 200,
        }
      }
    />
  </View>
  <Text
    accessible={true}
    allowFontScaling={true}
    disabled={false}
    ellipsizeMode="tail"
    style={
      Object {
        "color": "#fff",
        "fontWeight": "700",
        "marginTop": 5,
        "opacity": 0.8,
        "textAlign": "center",
      }
    }
  >
     
    
  </Text>
  <View
    accessibilityComponentType="button"
    accessibilityLabel={undefined}
    accessibilityTraits={
      Array [
        "button",
      ]
    }
    accessible={true}
    collapsable={undefined}
    hitSlop={undefined}
    isTVSelectable={true}
    nativeID={undefined}
    onLayout={undefined}
    onResponderGrant={[Function]}
    onResponderMove={[Function]}
    onResponderRelease={[Function]}
    onResponderTerminate={[Function]}
    onResponderTerminationRequest={[Function]}
    onStartShouldSetResponder={[Function]}
    style={
      Object {
        "opacity": 1,
      }
    }
    testID={undefined}
    tvParallaxProperties={undefined}
  >
    <View
      style={
        Array [
          Object {},
        ]
      }
    >
      <Text
        accessible={true}
        allowFontScaling={true}
        disabled={false}
        ellipsizeMode="tail"
        style={
          Array [
            Object {
              "color": "#007AFF",
              "fontSize": 18,
              "padding": 8,
              "textAlign": "center",
            },
          ]
        }
      >
        Change username
      </Text>
    </View>
  </View>
  <View
    accessibilityComponentType="button"
    accessibilityLabel={undefined}
    accessibilityTraits={
      Array [
        "button",
      ]
    }
    accessible={true}
    collapsable={undefined}
    hitSlop={undefined}
    isTVSelectable={true}
    nativeID={undefined}
    onLayout={undefined}
    onResponderGrant={[Function]}
    onResponderMove={[Function]}
    onResponderRelease={[Function]}
    onResponderTerminate={[Function]}
    onResponderTerminationRequest={[Function]}
    onStartShouldSetResponder={[Function]}
    style={
      Object {
        "opacity": 1,
      }
    }
    testID={undefined}
    tvParallaxProperties={undefined}
  >
    <View
      style={
        Array [
          Object {},
        ]
      }
    >
      <Text
        accessible={true}
        allowFontScaling={true}
        disabled={false}
        ellipsizeMode="tail"
        style={
          Array [
            Object {
              "color": "#007AFF",
              "fontSize": 18,
              "padding": 8,
              "textAlign": "center",
            },
          ]
        }
      >
        Change profile picture
      </Text>
    </View>
  </View>
  <View>
    <Image
      source={
        Object {
          "uri": "a",
        }
      }
      style={
        Object {
          "height": 60,
          "width": 60,
        }
      }
    />
  </View>
  <View
    style={undefined}
  >
    <View
      accessibilityComponentType={undefined}
      accessibilityLabel={undefined}
      accessibilityTraits={undefined}
      accessible={true}
      collapsable={undefined}
      hitSlop={undefined}
      isTVSelectable={true}
      nativeID={undefined}
      onLayout={undefined}
      onResponderGrant={[Function]}
      onResponderMove={[Function]}
      onResponderRelease={[Function]}
      onResponderTerminate={[Function]}
      onResponderTerminationRequest={[Function]}
      onStartShouldSetResponder={[Function]}
      style={
        Object {
          "opacity": 1,
        }
      }
      testID={undefined}
      tvParallaxProperties={undefined}
    >
      <Text
        accessible={true}
        allowFontScaling={true}
        disabled={false}
        ellipsizeMode="tail"
        style={undefined}
      >
        Log out
      </Text>
    </View>
  </View>
</View>
`;
